[2m7:33:39 pm[22m [31m[1m[vite][22m[39m [31mhttp proxy error: /api/orders[39m
AggregateError [ECONNREFUSED]: 
    at internalConnectMultiple (node:net:1139:18)
    at afterConnectMultiple (node:net:1712:7)
[2m7:33:39 pm[22m [31m[1m[vite][22m[39m [31mhttp proxy error: /api/tables[39m
AggregateError [ECONNREFUSED]: 
    at internalConnectMultiple (node:net:1139:18)
    at afterConnectMultiple (node:net:1712:7)
[2m7:33:39 pm[22m [31m[1m[vite][22m[39m [31mhttp proxy error: /api/takeaway-orders[39m
AggregateError [ECONNREFUSED]: 
    at internalConnectMultiple (node:net:1139:18)
    at afterConnectMultiple (node:net:1712:7)
[2m7:33:39 pm[22m [31m[1m[vite][22m[39m [31mhttp proxy error: /api/reservations[39m
AggregateError [ECONNREFUSED]: 
    at internalConnectMultiple (node:net:1139:18)
    at afterConnectMultiple (node:net:1712:7)
[2m7:33:39 pm[22m [31m[1m[vite][22m[39m [31mhttp proxy error: /api/reservations/waiting[39m
AggregateError [ECONNREFUSED]: 
    at internalConnectMultiple (node:net:1139:18)
    at afterConnectMultiple (node:net:1712:7)
[2m7:34:39 pm[22m [31m[1m[vite][22m[39m [31mhttp proxy error: /api/orders[39m
AggregateError [ECONNREFUSED]: 
    at internalConnectMultiple (node:net:1139:18)
    at afterConnectMultiple (node:net:1712:7)
[2m7:34:39 pm[22m [31m[1m[vite][22m[39m [31mhttp proxy error: /api/tables[39m
AggregateError [ECONNREFUSED]: 
    at internalConnectMultiple (node:net:1139:18)
    at afterConnectMultiple (node:net:1712:7)
[2m7:34:39 pm[22m [31m[1m[vite][22m[39m [31mhttp proxy error: /api/takeaway-orders[39m
AggregateError [ECONNREFUSED]: 
    at internalConnectMultiple (node:net:1139:18)
    at afterConnectMultiple (node:net:1712:7)
[2m7:34:39 pm[22m [31m[1m[vite][22m[39m [31mhttp proxy error: /api/reservations[39m
AggregateError [ECONNREFUSED]: 
    at internalConnectMultiple (node:net:1139:18)
    at afterConnectMultiple (node:net:1712:7)
[2m7:34:39 pm[22m [31m[1m[vite][22m[39m [31mhttp proxy error: /api/reservations/waiting[39m
AggregateError [ECONNREFUSED]: 
    at internalConnectMultiple (node:net:1139:18)
    at afterConnectMultiple (node:net:1712:7)
